// Jest Snapshot v1, https://goo.gl/fbAQLP

exports[`Theme if it matches the snapshot 1`] = `
<ThemeProvider
  theme={
    Object {
      "colors": Object {
        "background": "#0f0e17",
        "primary": "#ff8906",
        "secondary": "#f25f4c",
        "tertiary": "#e53170",
        "textPrimary": "#fffffe",
        "textSecondary": "#a7a9be",
      },
      "font": "Rubik",
      "weight": Object {
        "bold": 500,
        "normal": 400,
      },
    }
  }
/>
`;
