// Jest Snapshot v1, https://goo.gl/fbAQLP

exports[`Theme if it matches the snapshot 1`] = `
<ThemeProvider
  theme={
    Object {
      "colors": Object {
        "background": "#fffffe",
        "primary": "#6246ea",
        "secondary": "#d1d1e9",
        "tertiary": "#e45858",
        "textPrimary": "#2b2c34",
        "textSecondary": "#2b2c34",
      },
      "font": "Rubik",
      "weight": Object {
        "bold": 500,
        "normal": 400,
      },
    }
  }
/>
`;
