// Jest Snapshot v1, https://goo.gl/fbAQLP

exports[`Theme if it matches the snapshot 1`] = `
<ThemeProvider
  theme={
    Object {
      "colors": Object {
        "background": "#16161a",
        "primary": "#7f5af0",
        "secondary": "#72757e",
        "tertiary": "#2cb67d",
        "textPrimary": "#fffffe",
        "textSecondary": "#94a1b2",
      },
      "font": "Rubik",
      "weight": Object {
        "bold": 500,
        "normal": 400,
      },
    }
  }
/>
`;
