// Jest Snapshot v1, https://goo.gl/fbAQLP

exports[`RadioIcon If it matches the snapshot 1`] = `
<styled.label
  htmlFor="id"
>
  <styled.input
    checked={false}
    id="id"
    name="name"
    onChange={[Function]}
    type="radio"
    value="icon-radio"
  />
  <FontAwesomeIcon
    border={false}
    className=""
    color=""
    fixedWidth={false}
    flip={null}
    icon={
      Object {
        "icon": Array [
          448,
          512,
          Array [],
          "f0c8",
          "M400 32H48C21.5 32 0 53.5 0 80v352c0 26.5 21.5 48 48 48h352c26.5 0 48-21.5 48-48V80c0-26.5-21.5-48-48-48zm-6 400H54c-3.3 0-6-2.7-6-6V86c0-3.3 2.7-6 6-6h340c3.3 0 6 2.7 6 6v340c0 3.3-2.7 6-6 6z",
        ],
        "iconName": "square",
        "prefix": "far",
      }
    }
    inverse={false}
    listItem={false}
    mask={null}
    pull={null}
    pulse={false}
    rotation={null}
    size={null}
    spin={false}
    swapOpacity={false}
    symbol={false}
    title=""
    transform={null}
  />
</styled.label>
`;
